// Jest Snapshot v1, https://goo.gl/fbAQLP

exports[`<Poster /> snapshots should match snapshot 1`] = `
<img
  alt="This will be dynamic and will be used for accessibility"
  src="https://image.tmdb.org/t/p/w185/gpxjoE0yvRwIhFEJgNArtKtaN7S.jpg"
/>
`;
